// Jest Snapshot v1, https://goo.gl/fbAQLP

exports[`CategoryItem component should match snapshot 1`] = `
<DocumentFragment>
  <li
    class="itemContainer itemContainer--department flex items-center db list"
  >
    <a
      class="departmentLink w-100 pv5 no-underline t-small outline-0 db tc link truncate bb bw1 c-muted-1 b--transparent"
      href="/category/s"
    >
      Category
    </a>
  </li>
</DocumentFragment>
`;
